---
http_interactions:
- request:
    method: get
    uri: https://api.instagram.com/v1/media/1187820768775254827_2957207955?access_token=2957207955.9ffba2c.d135e9af114f4309943198e3e78c130e
    body:
      encoding: US-ASCII
      string: ''
    headers:
      User-Agent:
      - Faraday v0.9.2
      Accept-Encoding:
      - gzip;q=1.0,deflate;q=0.6,identity;q=0.3
      Accept:
      - "*/*"
  response:
    status:
      code: 200
      message: OK
    headers:
      X-Ratelimit-Remaining:
      - '490'
      Content-Language:
      - en
      Expires:
      - Sat, 01 Jan 2000 00:00:00 GMT
      Vary:
      - Cookie, Accept-Language, Accept-Encoding
      X-Ratelimit-Limit:
      - '500'
      Pragma:
      - no-cache
      Cache-Control:
      - private, no-cache, no-store, must-revalidate
      Date:
      - Fri, 19 Feb 2016 17:41:39 GMT
      Content-Type:
      - application/json; charset=utf-8
      Set-Cookie:
      - csrftoken=cec5065b040a8e1460147e51e7a54300; expires=Fri, 17-Feb-2017 17:41:39
        GMT; Max-Age=31449600; Path=/
      - s_network=; expires=Fri, 19-Feb-2016 18:41:39 GMT; Max-Age=3600; Path=/
      - sessionid=IGSC3963e7375bad1961213fc096273b7abd672fe62f2ffad4edc165641b8d508579%3AREyMrwsE6ZlAC0pom7H6aHXnNiLc3tK3%3A%7B%22asns%22%3A%7B%2263.145.15.98%22%3A209%2C%22time%22%3A1455903699%7D%7D;
        expires=Thu, 19-May-2016 17:41:39 GMT; httponly; Max-Age=7776000; Path=/
      Connection:
      - keep-alive
      Content-Length:
      - '556'
    body:
      encoding: ASCII-8BIT
      string: '{"meta": {"code": 200}, "data": {"attribution": null, "tags": ["capybara"],
        "type": "image", "location": null, "comments": {"count": 5}, "filter": "Amaro",
        "created_time": "1455819291", "link": "https://www.instagram.com/p/BB7_LIjrjMr/",
        "likes": {"count": 3}, "images": {"low_resolution": {"url": "https://scontent.cdninstagram.com/t51.2885-15/e35/12751306_1741310959435685_185600896_n.jpg?ig_cache_key=MTE4NzgyMDc2ODc3NTI1NDgyNw%3D%3D.2",
        "width": 320, "height": 320}, "thumbnail": {"url": "https://scontent.cdninstagram.com/t51.2885-15/s150x150/e35/12751306_1741310959435685_185600896_n.jpg?ig_cache_key=MTE4NzgyMDc2ODc3NTI1NDgyNw%3D%3D.2",
        "width": 150, "height": 150}, "standard_resolution": {"url": "https://scontent.cdninstagram.com/t51.2885-15/e35/12751306_1741310959435685_185600896_n.jpg?ig_cache_key=MTE4NzgyMDc2ODc3NTI1NDgyNw%3D%3D.2",
        "width": 320, "height": 320}}, "users_in_photo": [], "caption": {"created_time":
        "1455819291", "text": "I love swimming so much!", "from": {"username": "miss.capybara",
        "profile_picture": "https://scontent.cdninstagram.com/t51.2885-19/s150x150/12729402_1536518483344558_1403306257_a.jpg",
        "id": "2957207955", "full_name": "Miss Capybara"}, "id": "1187820771015012737"},
        "user_has_liked": false, "id": "1187820768775254827_2957207955", "user": {"username":
        "miss.capybara", "profile_picture": "https://scontent.cdninstagram.com/t51.2885-19/s150x150/12729402_1536518483344558_1403306257_a.jpg",
        "id": "2957207955", "full_name": "Miss Capybara"}}}'
    http_version: 
  recorded_at: Fri, 19 Feb 2016 17:41:39 GMT
- request:
    method: get
    uri: https://api.instagram.com/v1/media/1187820768775254827_2957207955/comments?access_token=2957207955.9ffba2c.d135e9af114f4309943198e3e78c130e
    body:
      encoding: US-ASCII
      string: ''
    headers:
      User-Agent:
      - Faraday v0.9.2
      Accept-Encoding:
      - gzip;q=1.0,deflate;q=0.6,identity;q=0.3
      Accept:
      - "*/*"
  response:
    status:
      code: 200
      message: OK
    headers:
      X-Ratelimit-Remaining:
      - '489'
      Content-Language:
      - en
      Expires:
      - Sat, 01 Jan 2000 00:00:00 GMT
      Vary:
      - Cookie, Accept-Language, Accept-Encoding
      X-Ratelimit-Limit:
      - '500'
      Pragma:
      - no-cache
      Cache-Control:
      - private, no-cache, no-store, must-revalidate
      Date:
      - Fri, 19 Feb 2016 17:41:39 GMT
      Content-Type:
      - application/json; charset=utf-8
      Set-Cookie:
      - csrftoken=7f45775d865da7396c0a56377f943e9f; expires=Fri, 17-Feb-2017 17:41:39
        GMT; Max-Age=31449600; Path=/
      - s_network=; expires=Fri, 19-Feb-2016 18:41:39 GMT; Max-Age=3600; Path=/
      - sessionid=IGSC81ab6d2206e73505dacee88046474d665a7ee8fe1cd6de990404f30302bbb841%3A8oyV8dM8lNWu8BGdibsXJDchXBHBap7Q%3A%7B%22asns%22%3A%7B%2263.145.15.98%22%3A209%2C%22time%22%3A1455903699%7D%7D;
        expires=Thu, 19-May-2016 17:41:39 GMT; httponly; Max-Age=7776000; Path=/
      Connection:
      - keep-alive
      Content-Length:
      - '498'
    body:
      encoding: ASCII-8BIT
      string: '{"meta": {"code": 200}, "data": [{"created_time": "1455819985", "text":
        "Where are you on vacation?", "from": {"username": "artofmoxie", "profile_picture":
        "https://scontent.cdninstagram.com/t51.2885-19/10706750_852405121512571_1455045308_a.jpg",
        "id": "16502037", "full_name": "Beth"}, "id": "1187826589168972610"}, {"created_time":
        "1455820044", "text": "Australia!", "from": {"username": "miss.capybara",
        "profile_picture": "https://scontent.cdninstagram.com/t51.2885-19/s150x150/12729402_1536518483344558_1403306257_a.jpg",
        "id": "2957207955", "full_name": "Miss Capybara"}, "id": "1187827085564851056"},
        {"created_time": "1455820101", "text": "I''ve always wanted to go to Australia!",
        "from": {"username": "artofmoxie", "profile_picture": "https://scontent.cdninstagram.com/t51.2885-19/10706750_852405121512571_1455045308_a.jpg",
        "id": "16502037", "full_name": "Beth"}, "id": "1187827563698729890"}, {"created_time":
        "1455824217", "text": "I''m there right now!", "from": {"username": "penneylicious",
        "profile_picture": "https://scontent.cdninstagram.com/t51.2885-19/s150x150/12224164_1509200229374661_1127130738_a.jpg",
        "id": "269242292", "full_name": "Penney Gadget"}, "id": "1187862089296655203"},
        {"created_time": "1455862444", "text": "#capybara", "from": {"username": "miss.capybara",
        "profile_picture": "https://scontent.cdninstagram.com/t51.2885-19/s150x150/12729402_1536518483344558_1403306257_a.jpg",
        "id": "2957207955", "full_name": "Miss Capybara"}, "id": "1188182759691923921"}]}'
    http_version: 
  recorded_at: Fri, 19 Feb 2016 17:41:39 GMT
- request:
    method: get
    uri: https://api.instagram.com/v1/media/1187820768775254827_2957207955/likes?access_token=2957207955.9ffba2c.d135e9af114f4309943198e3e78c130e
    body:
      encoding: US-ASCII
      string: ''
    headers:
      User-Agent:
      - Faraday v0.9.2
      Accept-Encoding:
      - gzip;q=1.0,deflate;q=0.6,identity;q=0.3
      Accept:
      - "*/*"
  response:
    status:
      code: 200
      message: OK
    headers:
      X-Ratelimit-Remaining:
      - '488'
      Content-Language:
      - en
      Expires:
      - Sat, 01 Jan 2000 00:00:00 GMT
      Vary:
      - Cookie, Accept-Language, Accept-Encoding
      X-Ratelimit-Limit:
      - '500'
      Pragma:
      - no-cache
      Cache-Control:
      - private, no-cache, no-store, must-revalidate
      Date:
      - Fri, 19 Feb 2016 17:41:39 GMT
      Content-Type:
      - application/json; charset=utf-8
      Set-Cookie:
      - csrftoken=cc7af33d6cd922eccc26ada201408b42; expires=Fri, 17-Feb-2017 17:41:39
        GMT; Max-Age=31449600; Path=/
      - s_network=; expires=Fri, 19-Feb-2016 18:41:39 GMT; Max-Age=3600; Path=/
      - sessionid=IGSC912cb7b74352d0f0e8f938ee306a3bfd13eb20c9a16ede9a15a163f703daabfd%3AY4Wso9dJI0KtgVt3gKiAQweJEslgkfKV%3A%7B%22asns%22%3A%7B%2263.145.15.98%22%3A209%2C%22time%22%3A1455903699%7D%7D;
        expires=Thu, 19-May-2016 17:41:39 GMT; httponly; Max-Age=7776000; Path=/
      Connection:
      - keep-alive
      Content-Length:
      - '243'
    body:
      encoding: ASCII-8BIT
      string: '{"meta": {"code": 200}, "data": [{"username": "artofmoxie", "profile_picture":
        "https://scontent.cdninstagram.com/t51.2885-19/10706750_852405121512571_1455045308_a.jpg",
        "id": "16502037", "full_name": "Beth"}, {"username": "edgarduran303", "profile_picture":
        "https://scontent.cdninstagram.com/t51.2885-19/11375236_1453807714913882_969507463_a.jpg",
        "id": "2126510311", "full_name": "Edgar Duran"}]}'
    http_version: 
  recorded_at: Fri, 19 Feb 2016 17:41:39 GMT
- request:
    method: get
    uri: https://api.instagram.com/v1/media/1187820768775254827_2957207955?access_token=2957207955.9ffba2c.d135e9af114f4309943198e3e78c130e
    body:
      encoding: US-ASCII
      string: ''
    headers:
      User-Agent:
      - Faraday v0.9.2
      Accept-Encoding:
      - gzip;q=1.0,deflate;q=0.6,identity;q=0.3
      Accept:
      - "*/*"
  response:
    status:
      code: 200
      message: OK
    headers:
      X-Ratelimit-Remaining:
      - '487'
      Content-Language:
      - en
      Expires:
      - Sat, 01 Jan 2000 00:00:00 GMT
      Vary:
      - Cookie, Accept-Language, Accept-Encoding
      X-Ratelimit-Limit:
      - '500'
      Pragma:
      - no-cache
      Cache-Control:
      - private, no-cache, no-store, must-revalidate
      Date:
      - Fri, 19 Feb 2016 17:41:40 GMT
      Content-Type:
      - application/json; charset=utf-8
      Set-Cookie:
      - csrftoken=3ae0495375e3d46281cab5b2af303dcd; expires=Fri, 17-Feb-2017 17:41:40
        GMT; Max-Age=31449600; Path=/
      - s_network=; expires=Fri, 19-Feb-2016 18:41:40 GMT; Max-Age=3600; Path=/
      - sessionid=IGSC66c13d8154ae28e0147a98b1dc243c535dbb72661df0a0e40e5adb630ab7407a%3ADq4x92c3tSEAltevTBBKAOC7a7pmI85b%3A%7B%22asns%22%3A%7B%2263.145.15.98%22%3A209%2C%22time%22%3A1455903700%7D%7D;
        expires=Thu, 19-May-2016 17:41:40 GMT; httponly; Max-Age=7776000; Path=/
      Connection:
      - keep-alive
      Content-Length:
      - '556'
    body:
      encoding: ASCII-8BIT
      string: '{"meta": {"code": 200}, "data": {"attribution": null, "tags": ["capybara"],
        "type": "image", "location": null, "comments": {"count": 5}, "filter": "Amaro",
        "created_time": "1455819291", "link": "https://www.instagram.com/p/BB7_LIjrjMr/",
        "likes": {"count": 3}, "images": {"low_resolution": {"url": "https://scontent.cdninstagram.com/t51.2885-15/e35/12751306_1741310959435685_185600896_n.jpg?ig_cache_key=MTE4NzgyMDc2ODc3NTI1NDgyNw%3D%3D.2",
        "width": 320, "height": 320}, "thumbnail": {"url": "https://scontent.cdninstagram.com/t51.2885-15/s150x150/e35/12751306_1741310959435685_185600896_n.jpg?ig_cache_key=MTE4NzgyMDc2ODc3NTI1NDgyNw%3D%3D.2",
        "width": 150, "height": 150}, "standard_resolution": {"url": "https://scontent.cdninstagram.com/t51.2885-15/e35/12751306_1741310959435685_185600896_n.jpg?ig_cache_key=MTE4NzgyMDc2ODc3NTI1NDgyNw%3D%3D.2",
        "width": 320, "height": 320}}, "users_in_photo": [], "caption": {"created_time":
        "1455819291", "text": "I love swimming so much!", "from": {"username": "miss.capybara",
        "profile_picture": "https://scontent.cdninstagram.com/t51.2885-19/s150x150/12729402_1536518483344558_1403306257_a.jpg",
        "id": "2957207955", "full_name": "Miss Capybara"}, "id": "1187820771015012737"},
        "user_has_liked": false, "id": "1187820768775254827_2957207955", "user": {"username":
        "miss.capybara", "profile_picture": "https://scontent.cdninstagram.com/t51.2885-19/s150x150/12729402_1536518483344558_1403306257_a.jpg",
        "id": "2957207955", "full_name": "Miss Capybara"}}}'
    http_version: 
  recorded_at: Fri, 19 Feb 2016 17:41:40 GMT
- request:
    method: get
    uri: https://api.instagram.com/v1/media/1187820768775254827_2957207955/comments?access_token=2957207955.9ffba2c.d135e9af114f4309943198e3e78c130e
    body:
      encoding: US-ASCII
      string: ''
    headers:
      User-Agent:
      - Faraday v0.9.2
      Accept-Encoding:
      - gzip;q=1.0,deflate;q=0.6,identity;q=0.3
      Accept:
      - "*/*"
  response:
    status:
      code: 200
      message: OK
    headers:
      X-Ratelimit-Remaining:
      - '486'
      Content-Language:
      - en
      Expires:
      - Sat, 01 Jan 2000 00:00:00 GMT
      Vary:
      - Cookie, Accept-Language, Accept-Encoding
      X-Ratelimit-Limit:
      - '500'
      Pragma:
      - no-cache
      Cache-Control:
      - private, no-cache, no-store, must-revalidate
      Date:
      - Fri, 19 Feb 2016 17:41:40 GMT
      Content-Type:
      - application/json; charset=utf-8
      Set-Cookie:
      - csrftoken=e84432a2cdbd224e4ac2475e2168493c; expires=Fri, 17-Feb-2017 17:41:40
        GMT; Max-Age=31449600; Path=/
      - s_network=; expires=Fri, 19-Feb-2016 18:41:40 GMT; Max-Age=3600; Path=/
      - sessionid=IGSCf0d1ac48e09c476719bf72f37328494ef9f804f785617af2c8fd8d9c258cca8e%3ActFJBFS3avT6rorDlS6WpSgV9CfNpl5x%3A%7B%22asns%22%3A%7B%2263.145.15.98%22%3A209%2C%22time%22%3A1455903700%7D%7D;
        expires=Thu, 19-May-2016 17:41:40 GMT; httponly; Max-Age=7776000; Path=/
      Connection:
      - keep-alive
      Content-Length:
      - '498'
    body:
      encoding: ASCII-8BIT
      string: '{"meta": {"code": 200}, "data": [{"created_time": "1455819985", "text":
        "Where are you on vacation?", "from": {"username": "artofmoxie", "profile_picture":
        "https://scontent.cdninstagram.com/t51.2885-19/10706750_852405121512571_1455045308_a.jpg",
        "id": "16502037", "full_name": "Beth"}, "id": "1187826589168972610"}, {"created_time":
        "1455820044", "text": "Australia!", "from": {"username": "miss.capybara",
        "profile_picture": "https://scontent.cdninstagram.com/t51.2885-19/s150x150/12729402_1536518483344558_1403306257_a.jpg",
        "id": "2957207955", "full_name": "Miss Capybara"}, "id": "1187827085564851056"},
        {"created_time": "1455820101", "text": "I''ve always wanted to go to Australia!",
        "from": {"username": "artofmoxie", "profile_picture": "https://scontent.cdninstagram.com/t51.2885-19/10706750_852405121512571_1455045308_a.jpg",
        "id": "16502037", "full_name": "Beth"}, "id": "1187827563698729890"}, {"created_time":
        "1455824217", "text": "I''m there right now!", "from": {"username": "penneylicious",
        "profile_picture": "https://scontent.cdninstagram.com/t51.2885-19/s150x150/12224164_1509200229374661_1127130738_a.jpg",
        "id": "269242292", "full_name": "Penney Gadget"}, "id": "1187862089296655203"},
        {"created_time": "1455862444", "text": "#capybara", "from": {"username": "miss.capybara",
        "profile_picture": "https://scontent.cdninstagram.com/t51.2885-19/s150x150/12729402_1536518483344558_1403306257_a.jpg",
        "id": "2957207955", "full_name": "Miss Capybara"}, "id": "1188182759691923921"}]}'
    http_version: 
  recorded_at: Fri, 19 Feb 2016 17:41:40 GMT
- request:
    method: get
    uri: https://api.instagram.com/v1/media/1187820768775254827_2957207955/likes?access_token=2957207955.9ffba2c.d135e9af114f4309943198e3e78c130e
    body:
      encoding: US-ASCII
      string: ''
    headers:
      User-Agent:
      - Faraday v0.9.2
      Accept-Encoding:
      - gzip;q=1.0,deflate;q=0.6,identity;q=0.3
      Accept:
      - "*/*"
  response:
    status:
      code: 200
      message: OK
    headers:
      X-Ratelimit-Remaining:
      - '485'
      Content-Language:
      - en
      Expires:
      - Sat, 01 Jan 2000 00:00:00 GMT
      Vary:
      - Cookie, Accept-Language, Accept-Encoding
      X-Ratelimit-Limit:
      - '500'
      Pragma:
      - no-cache
      Cache-Control:
      - private, no-cache, no-store, must-revalidate
      Date:
      - Fri, 19 Feb 2016 17:41:40 GMT
      Content-Type:
      - application/json; charset=utf-8
      Set-Cookie:
      - csrftoken=dffe685df6a960bb92d3230d0ac20f7d; expires=Fri, 17-Feb-2017 17:41:40
        GMT; Max-Age=31449600; Path=/
      - s_network=; expires=Fri, 19-Feb-2016 18:41:40 GMT; Max-Age=3600; Path=/
      - sessionid=IGSC1a46adf872d733933014f5de385478ea8be229678c46fed328720123b17c999c%3AF0fHNesfogqxKlDurFi7olYKtGzZ76jD%3A%7B%22asns%22%3A%7B%2263.145.15.98%22%3A209%2C%22time%22%3A1455903700%7D%7D;
        expires=Thu, 19-May-2016 17:41:40 GMT; httponly; Max-Age=7776000; Path=/
      Connection:
      - keep-alive
      Content-Length:
      - '243'
    body:
      encoding: ASCII-8BIT
      string: '{"meta": {"code": 200}, "data": [{"username": "artofmoxie", "profile_picture":
        "https://scontent.cdninstagram.com/t51.2885-19/10706750_852405121512571_1455045308_a.jpg",
        "id": "16502037", "full_name": "Beth"}, {"username": "edgarduran303", "profile_picture":
        "https://scontent.cdninstagram.com/t51.2885-19/11375236_1453807714913882_969507463_a.jpg",
        "id": "2126510311", "full_name": "Edgar Duran"}]}'
    http_version: 
  recorded_at: Fri, 19 Feb 2016 17:41:40 GMT
recorded_with: VCR 3.0.1
